// Jest Snapshot v1, https://goo.gl/fbAQLP

exports[`Modal no extra classes when window is missing 1`] = `
<div
  className="isClosed test-class-from-props"
>
  <div
    className="scrollLayer"
  >
    <div
      className="container"
    >
      <div
        className="content"
      >
        Content
      </div>
    </div>
  </div>
</div>
`;
