// Jest Snapshot v1, https://goo.gl/fbAQLP

exports[`SearchPageComponent matches snapshot 1`] = `
<Page
  description="SearchPage.schemaDescription"
  schema={
    Object {
      "@context": "http://schema.org",
      "@type": "SearchResultsPage",
      "description": "SearchPage.schemaDescription",
      "mainEntity": Array [
        "{\\"@type\\":\\"ItemList\\",\\"name\\":\\"SearchPage.schemaMapSearch\\",\\"itemListOrder\\":\\"http://schema.org/ItemListOrderAscending\\",\\"itemListElement\\":[]}",
      ],
      "name": "SearchPage.schemaTitle",
    }
  }
  scrollingDisabled={false}
  title="SearchPage.schemaTitle"
>
  <withRouter(Connect(TopbarContainerComponent))
    className="topbar"
    currentPage="SearchPage"
    currentSearchParams={Object {}}
  />
  <div
    className="container"
  >
    <MainPanel
      className={null}
      filterConfig={
        Array [
          Object {
            "config": Object {},
            "group": "primary",
            "id": "dates",
            "label": "Dates",
            "queryParamNames": Array [
              "dates",
            ],
            "type": "BookingDateRangeFilter",
          },
          Object {
            "config": Object {
              "max": 1000,
              "min": 0,
              "step": 5,
            },
            "group": "primary",
            "id": "price",
            "label": "Price",
            "queryParamNames": Array [
              "price",
            ],
            "type": "PriceFilter",
          },
          Object {
            "config": Object {},
            "group": "primary",
            "id": "keyword",
            "label": "Keyword",
            "queryParamNames": Array [
              "keywords",
            ],
            "type": "KeywordFilter",
          },
          Object {
            "config": Object {
              "options": Array [
                Object {
                  "key": "smoke",
                  "label": "Smoke",
                },
                Object {
                  "key": "electric",
                  "label": "Electric",
                },
                Object {
                  "key": "wood",
                  "label": "Wood",
                },
                Object {
                  "key": "other",
                  "label": "Other",
                },
              ],
            },
            "group": "secondary",
            "id": "category",
            "label": "Category",
            "queryParamNames": Array [
              "pub_category",
            ],
            "type": "SelectSingleFilter",
          },
          Object {
            "config": Object {
              "options": Array [
                Object {
                  "key": "towels",
                  "label": "Towels",
                },
                Object {
                  "key": "bathroom",
                  "label": "Bathroom",
                },
                Object {
                  "key": "swimming_pool",
                  "label": "Swimming pool",
                },
                Object {
                  "key": "own_drinks",
                  "label": "Own drinks allowed",
                },
                Object {
                  "key": "jacuzzi",
                  "label": "Jacuzzi",
                },
                Object {
                  "key": "audiovisual_entertainment",
                  "label": "Audiovisual entertainment",
                },
                Object {
                  "key": "barbeque",
                  "label": "Barbeque",
                },
                Object {
                  "key": "own_food_allowed",
                  "label": "Own food allowed",
                },
              ],
              "searchMode": "has_all",
            },
            "group": "secondary",
            "id": "amenities",
            "label": "Amenities",
            "queryParamNames": Array [
              "pub_amenities",
            ],
            "type": "SelectMultipleFilter",
          },
        ]
      }
      history={
        Object {
          "push": [Function],
        }
      }
      listings={Array []}
      onActivateListing={[Function]}
      onCloseModal={[Function]}
      onManageDisableScrolling={[Function]}
      onMapIconClick={[Function]}
      onOpenModal={[Function]}
      pagination={
        Object {
          "page": 1,
          "perPage": 12,
          "totalItems": 22,
          "totalPages": 2,
        }
      }
      resultsCount={0}
      rootClassName={null}
      searchInProgress={false}
      searchListingsError={null}
      searchParamsAreInSync={true}
      searchParamsForPagination={Object {}}
      showAsModalMaxWidth={768}
      sortConfig={
        Object {
          "active": true,
          "conflictingFilters": Array [
            "keyword",
          ],
          "options": Array [
            Object {
              "key": "createdAt",
              "label": "Newest",
            },
            Object {
              "key": "-createdAt",
              "label": "Oldest",
            },
            Object {
              "key": "-price",
              "label": "Lowest price",
            },
            Object {
              "key": "price",
              "label": "Highest price",
            },
            Object {
              "key": "relevance",
              "label": "Relevance",
              "longLabel": "Relevance (Keyword search)",
            },
          ],
          "queryParamName": "sort",
          "relevanceKey": "relevance",
        }
      }
      urlQueryParams={Object {}}
    />
    <withViewport(ModalInMobileComponent)
      className="mapPanel"
      id="SearchPage.map"
      isModalOpenOnMobile={false}
      onClose={[Function]}
      onManageDisableScrolling={[Function]}
      showAsModalMaxWidth={768}
    >
      <div
        className="mapWrapper"
      >
        <withRouter(SearchMapComponent)
          activeListingId={null}
          isSearchMapOpenOnMobile={false}
          listings={Array []}
          location={
            Object {
              "search": "",
            }
          }
          onCloseAsModal={[Function]}
          onMapMoveEnd={[Function]}
          reusableContainerClassName="map"
        />
      </div>
    </withViewport(ModalInMobileComponent)>
  </div>
</Page>
`;
