// Jest Snapshot v1, https://goo.gl/fbAQLP

exports[`ContactDetailsPage matches snapshot 1`] = `
<Page
  className="root"
  scrollingDisabled={false}
  title="ProfileSettingsPage.title"
>
  <LayoutSingleColumn
    className={null}
    rootClassName={null}
  >
    <LayoutWrapperTopbar
      className={null}
      rootClassName={null}
    >
      <withRouter(Connect(TopbarContainerComponent))
        currentPage="ProfileSettingsPage"
      />
      <UserNav
        className={null}
        rootClassName={null}
        selectedPageName="ProfileSettingsPage"
      />
    </LayoutWrapperTopbar>
    <LayoutWrapperMain
      className={null}
      rootClassName={null}
    >
      <div
        className="content"
      >
        <div
          className="headingContainer"
        >
          <h1
            className="heading"
          >
            <MemoizedFormattedMessage
              id="ProfileSettingsPage.heading"
            />
          </h1>
        </div>
      </div>
    </LayoutWrapperMain>
    <LayoutWrapperFooter
      className={null}
      rootClassName={null}
    >
      <injectIntl(Footer) />
    </LayoutWrapperFooter>
  </LayoutSingleColumn>
</Page>
`;
