// Jest Snapshot v1, https://goo.gl/fbAQLP

exports[`ActivityFeed matches snapshot 1`] = `
<ul
  className="root"
>
  <li
    className="transitionItem"
    key="transition/confirm-payment"
  >
    <div
      className="transition"
    >
      <div
        className="bullet"
      >
        <p
          className="transitionContent"
        >
          •
        </p>
      </div>
      <div>
        <p
          className="transitionContent"
        />
        <p
          className="transitionDate"
        />
      </div>
    </div>
  </li>
  <li
    className="transitionItem"
    key="transition/accept"
  >
    <div
      className="transition"
    >
      <div
        className="bullet"
      >
        <p
          className="transitionContent"
        >
          •
        </p>
      </div>
      <div>
        <p
          className="transitionContent"
        />
        <p
          className="transitionDate"
        />
      </div>
    </div>
  </li>
  <li
    className="messageItem"
    id="msg-msg1"
    key="msg1"
  >
    <div
      className="message"
    >
      <a
        className="root avatar"
        href="/u/user1"
        onClick={[Function]}
        onMouseOver={[Function]}
        onTouchStart={[Function]}
        style={Object {}}
        title="user1 display name"
      >
        <span
          className="initials"
        >
          TT
        </span>
      </a>
      <div>
        <p
          className="messageContent"
        >
          Message msg1

Lorem ipsum dolor sit amet, consectetur adipiscing elit, sed do eiusmod tempor incididunt ut labore et dolore magna aliqua.
        </p>
        <p
          className="messageDate"
        >
          2017-11-09, 08:12
        </p>
      </div>
    </div>
  </li>
  <li
    className="messageItem"
    id="msg-msg2"
    key="msg2"
  >
    <div
      className="ownMessage"
    >
      <div
        className="ownMessageContentWrapper"
      >
        <p
          className="ownMessageContent"
        >
          Message msg2

Lorem ipsum dolor sit amet, consectetur adipiscing elit, sed do eiusmod tempor incididunt ut labore et dolore magna aliqua.
        </p>
      </div>
      <p
        className="ownMessageDate"
      >
        2017-11-09, 08:12
      </p>
    </div>
  </li>
</ul>
`;
