// Jest Snapshot v1, https://goo.gl/fbAQLP

exports[`SearchResultsPanel matches snapshot 1`] = `
<div
  className="root"
>
  <div
    className="listingCards"
  />
</div>
`;
