// Jest Snapshot v1, https://goo.gl/fbAQLP

exports[`ContactDetailsPage matches snapshot 1`] = `
<Page
  scrollingDisabled={false}
  title="PasswordRecoveryPage.title"
>
  <LayoutSingleColumn
    className={null}
    rootClassName={null}
  >
    <LayoutWrapperTopbar
      className={null}
      rootClassName={null}
    >
      <withRouter(Connect(TopbarContainerComponent)) />
    </LayoutWrapperTopbar>
    <LayoutWrapperMain
      className="layoutWrapperMain"
      rootClassName={null}
    >
      <div
        className="root"
      >
        <div
          className="submitEmailContent"
        >
          <IconKeys
            className="modalIcon"
          />
          <h1
            className="modalTitle"
          >
            <MemoizedFormattedMessage
              id="PasswordRecoveryPage.forgotPasswordTitle"
            />
          </h1>
          <p
            className="modalMessage"
          >
            <MemoizedFormattedMessage
              id="PasswordRecoveryPage.forgotPasswordMessage"
            />
          </p>
          <PasswordRecoveryForm
            inProgress={false}
            initialValues={
              Object {
                "email": null,
              }
            }
            onChange={[Function]}
            onSubmit={[Function]}
            recoveryError={null}
          />
        </div>
      </div>
    </LayoutWrapperMain>
    <LayoutWrapperFooter
      className={null}
      rootClassName={null}
    >
      <injectIntl(Footer) />
    </LayoutWrapperFooter>
  </LayoutSingleColumn>
</Page>
`;
