// Jest Snapshot v1, https://goo.gl/fbAQLP

exports[`BookingDatesForm matches snapshot without selected dates 1`] = `
<ReactFinalForm
  bookingDates={Object {}}
  dispatch={[Function]}
  endDatePlaceholder="tomorrow"
  fetchLineItemsError={null}
  fetchLineItemsInProgress={false}
  intl={
    Object {
      "formatDate": [Function],
      "formatMessage": [Function],
      "formatNumber": [Function],
      "formatPlural": [Function],
      "formatRelativeTime": [Function],
      "formatTime": [Function],
      "now": [Function],
    }
  }
  isOwnListing={false}
  lineItems={
    Array [
      Object {
        "code": "line-item/night",
        "includeFor": Array [
          "customer",
          "provider",
        ],
        "lineTotal": Money {
          "_sdkType": "Money",
          "amount": 2198,
          "currency": "USD",
        },
        "reversal": false,
        "unitPrice": Money {
          "_sdkType": "Money",
          "amount": 1099,
          "currency": "USD",
        },
        "units": "2",
      },
    ]
  }
  onFetchTransactionLineItems={[Function]}
  onSubmit={[Function]}
  render={[Function]}
  startDatePlaceholder="today"
  submitButtonWrapperClassName={null}
  timeSlots={null}
  unitPrice={
    Money {
      "_sdkType": "Money",
      "amount": 1099,
      "currency": "USD",
    }
  }
  unitType="line-item/night"
/>
`;
