// Jest Snapshot v1, https://goo.gl/fbAQLP

exports[`ManageListingCard matches snapshot 1`] = `
<div
  className="root"
>
  <div
    className="threeToTwoWrapper"
    onClick={[Function]}
    onMouseOver={[Function]}
    onTouchStart={[Function]}
    tabIndex={0}
  >
    <div
      className="aspectWrapper"
    >
      <ResponsiveImage
        alt="listing1 title"
        className={null}
        image={null}
        noImageMessage={null}
        rootClassName="rootForImage"
        sizes={null}
        variants={
          Array [
            "landscape-crop",
            "landscape-crop2x",
          ]
        }
      />
    </div>
    <div
      className="menuOverlayWrapper"
    >
      <div
        className="menuOverlay"
      />
      <div
        className="menuOverlayContent"
      >
        <MemoizedFormattedMessage
          id="ManageListingCard.viewListing"
        />
      </div>
    </div>
    <div
      className="menubarWrapper"
    >
      <div
        className="menubarGradient"
      />
      <div
        className="menubar"
      >
        <Menu
          className="menu cardIsOpen"
          contentPlacementOffset={-12}
          contentPosition="left"
          isOpen={false}
          onToggleActive={[Function]}
          rootClassName=""
          useArrow={false}
        >
          <MenuLabel
            className="menuLabel"
            isOpen={false}
            isOpenClassName="listingMenuIsOpen"
            onToggleActive={null}
            rootClassName=""
          >
            <div
              className="iconWrapper"
            >
              <MenuIcon
                className="menuIcon"
                isActive={false}
              />
            </div>
          </MenuLabel>
          <MenuContent
            arrowPosition={null}
            className={null}
            contentClassName={null}
            contentRef={null}
            isOpen={false}
            rootClassName="menuContent"
            style={null}
          >
            <MenuItem
              className={null}
              key="close-listing"
              rootClassName=""
            >
              <InlineTextButton
                onClick={[Function]}
                rootClassName="menuItem"
              >
                <MemoizedFormattedMessage
                  id="ManageListingCard.closeListing"
                />
              </InlineTextButton>
            </MenuItem>
          </MenuContent>
        </Menu>
      </div>
    </div>
  </div>
  <div
    className="info"
  >
    <div
      className="price"
    >
      <div
        className="priceValue"
        title={55}
      >
        55
      </div>
      <div
        className="perUnit"
      >
        <MemoizedFormattedMessage
          id="ManageListingCard.perNight"
        />
      </div>
    </div>
    <div
      className="mainInfo"
    >
      <div
        className="titleWrapper"
      >
        <InlineTextButton
          onClick={[Function]}
          rootClassName="title"
        >
          <span
            key="1"
            style={
              Object {
                "wordBreak": "break-all",
              }
            }
          >
            listing1
          </span>
           
          title
        </InlineTextButton>
      </div>
    </div>
    <div
      className="manageLinks"
    >
      <NamedLink
        className="manageLink"
        name="EditListingPage"
        params={
          Object {
            "id": "listing1",
            "slug": "listing1-title",
            "tab": "description",
            "type": "edit",
          }
        }
      >
        <MemoizedFormattedMessage
          id="ManageListingCard.editListing"
        />
      </NamedLink>
      <span
        className="manageLinksSeparator"
      >
         â€¢ 
      </span>
      <NamedLink
        className="manageLink"
        name="EditListingPage"
        params={
          Object {
            "id": "listing1",
            "slug": "listing1-title",
            "tab": "availability",
            "type": "edit",
          }
        }
      >
        <MemoizedFormattedMessage
          id="ManageListingCard.manageAvailability"
        />
      </NamedLink>
    </div>
  </div>
</div>
`;
